Counter is 50.  Exiting
Counter is 50.  Exiting
Counter is 49.  Exiting
Counter is 49.  Exiting
Counter is 48.  Exiting
Counter is 48.  Exiting
Counter is 47.  Exiting
Counter is 47.  Exiting
Counter is 46.  Exiting
Counter is 46.  Exiting
Counter is 45.  Exiting
Counter is 45.  Exiting
Counter is 44.  Exiting
Counter is 44.  Exiting
Counter is 43.  Exiting
Counter is 43.  Exiting
Counter is 42.  Exiting
Counter is 42.  Exiting
Counter is 41.  Exiting
Counter is 41.  Exiting
Counter is 40.  Exiting
Counter is 40.  Exiting
Counter is 39.  Exiting
Counter is 39.  Exiting
Counter is 38.  Exiting
Counter is 38.  Exiting
Counter is 37.  Exiting
Counter is 37.  Exiting
Counter is 36.  Exiting
Counter is 36.  Exiting
Counter is 35.  Exiting
Counter is 35.  Exiting
Counter is 34.  Exiting
Counter is 34.  Exiting
Counter is 33.  Exiting
Counter is 33.  Exiting
Counter is 32.  Exiting
Counter is 32.  Exiting
Counter is 31.  Exiting
Counter is 31.  Exiting
Counter is 30.  Exiting
Counter is 30.  Exiting
Counter is 29.  Exiting
Counter is 29.  Exiting
Counter is 28.  Exiting
Counter is 28.  Exiting
Counter is 27.  Exiting
Counter is 27.  Exiting
Counter is 26.  Exiting
Counter is 26.  Exiting
Counter is 25.  Exiting
Counter is 25.  Exiting
Counter is 24.  Exiting
Counter is 24.  Exiting
Counter is 23.  Exiting
Counter is 23.  Exiting
Counter is 22.  Exiting
Counter is 22.  Exiting
Counter is 21.  Exiting
Counter is 21.  Exiting
Counter is 20.  Exiting
Counter is 20.  Exiting
Counter is 19.  Exiting
Counter is 19.  Exiting
Counter is 18.  Exiting
Counter is 18.  Exiting
Counter is 17.  Exiting
Counter is 17.  Exiting
Counter is 16.  Exiting
Counter is 16.  Exiting
Counter is 15.  Exiting
Counter is 15.  Exiting
Counter is 14.  Exiting
Counter is 14.  Exiting
Counter is 13.  Exiting
Counter is 13.  Exiting
Counter is 12.  Exiting
Counter is 12.  Exiting
Counter is 11.  Exiting
Counter is 11.  Exiting
Counter is 10.  Exiting
Counter is 10.  Exiting
Counter is 9.  Exiting
Counter is 9.  Exiting
Counter is 8.  Exiting
Counter is 8.  Exiting
Counter is 7.  Exiting
Counter is 7.  Exiting
Counter is 6.  Exiting
Counter is 6.  Exiting
Counter is 5.  Exiting
Counter is 5.  Exiting
Counter is 4.  Exiting
Counter is 4.  Exiting
Counter is 3.  Exiting
Counter is 3.  Exiting
Counter is 2.  Exiting
Counter is 2.  Exiting
Counter is 1.  Exiting
Counter is 1.  Exiting
Bye
Bye
