Spawining threads. (20)
   Ping...pong.
   Ping...pong.
   Ping...pong.
   Ping...pong.
   Ping...pong.
   Ping...pong.
   Ping...pong.
   Ping...pong.
   Ping...pong.
   Ping...pong.
   Ping...pong.
   Ping...pong.
   Ping...pong.
   Ping...pong.
   Ping...pong.
   Ping...pong.
   Ping...pong.
   Ping...pong.
   Ping...pong.
   Ping...pong.
Done.
